// Jest Snapshot v1, https://goo.gl/fbAQLP

exports[`<Button /> Button 1`] = `
<button
  className="sc-bdVaJa cpOyOP"
>
  <span>
    Stop Random Rating
     
  </span>
</button>
`;
